[root@mgm yum.repos.d]# ambari-server setup
Using python  /usr/bin/python2.6
Setup ambari-server
Checking SELinux...
SELinux status is 'disabled'
Customize user account for ambari-server daemon [y/n] (n)?  
Adjusting ambari-server permissions and ownership...
Checking firewall status...
Checking JDK...
[1] Oracle JDK 1.8 + Java Cryptography Extension (JCE) Policy Files 8
[2] Oracle JDK 1.7 + Java Cryptography Extension (JCE) Policy Files 7
[3] Custom JDK
==============================================================================
Enter choice (1): 1
To download the Oracle JDK and the Java Cryptography Extension (JCE) Policy Files you must accept the license terms found at http://www.oracle.com/technetwork/java/javase/terms/license/index.html and not accepting will cancel the Ambari Server setup and you must install the JDK and JCE files manually.
Do you accept the Oracle Binary Code License Agreement [y/n] (y)? y
Downloading JDK from http://public-repo-1.hortonworks.com/ARTIFACTS/jdk-8u40-linux-x64.tar.gz to /var/lib/ambari-server/resources/jdk-8u40-linux-x64.tar.gz
jdk-8u40-linux-x64.tar.gz... 100% (165.2 MB of 165.2 MB)
Successfully downloaded JDK distribution to /var/lib/ambari-server/resources/jdk-8u40-linux-x64.tar.gz
Installing JDK to /usr/jdk64/
Successfully installed JDK to /usr/jdk64/
Downloading JCE Policy archive from http://public-repo-1.hortonworks.com/ARTIFACTS/jce_policy-8.zip to /var/lib/ambari-server/resources/jce_policy-8.zip

Successfully downloaded JCE Policy archive to /var/lib/ambari-server/resources/jce_policy-8.zip
Installing JCE policy...
Completing setup...
Configuring database...
Enter advanced database configuration [y/n] (n)? y
Configuring database...
==============================================================================
Choose one of the following options:
[1] - PostgreSQL (Embedded)
[2] - Oracle
[3] - MySQL
[4] - PostgreSQL
[5] - Microsoft SQL Server (Tech Preview)
==============================================================================
Enter choice (1): 3
Hostname (localhost): mgm
Port (3306): 
Database name (ambari): 
Username (ambari): 
Enter Database Password (bigdata): 
Configuring ambari database...
WARNING: Before starting Ambari Server, you must copy the MySQL JDBC driver JAR file to /usr/share/java.
Press <enter> to continue.
ERROR: Before starting Ambari Server, you must copy the MySQL JDBC driver JAR file to /usr/share/java.
ERROR: Exiting with exit code -1. 
REASON: Before starting Ambari Server, you must copy the MySQL JDBC driver JAR file to /usr/share/java.

[root@mgm yum.repos.d]# find / -name *mysql*
/etc/ld.so.conf.d/mysql-x86_64.conf
/etc/selinux/targeted/modules/active/modules/mysql.pp
/usr/lib/python2.6/site-packages/sos/plugins/mysql.pyo
/usr/lib/python2.6/site-packages/sos/plugins/mysql.py
/usr/lib/python2.6/site-packages/sos/plugins/mysql.pyc
/usr/lib64/mysql
/usr/lib64/mysql/libmysqlclient.so.16
/usr/lib64/mysql/libmysqlclient.so.16.0.0
/usr/lib64/mysql/libmysqlclient_r.so.16
/usr/lib64/mysql/libmysqlclient_r.so.16.0.0
/usr/lib64/libreoffice/program/libmysqllo.so
/usr/share/dstat/dstat_mysql5_io.pyc
/usr/share/dstat/dstat_mysql5_keys.py
/usr/share/dstat/dstat_mysql_keys.pyc
/usr/share/dstat/dstat_mysql5_keys.pyc
/usr/share/dstat/dstat_mysql_keys.pyo
/usr/share/dstat/dstat_mysql5_cmds.pyc
/usr/share/dstat/dstat_mysql5_keys.pyo
/usr/share/dstat/dstat_mysql5_conn.py
/usr/share/dstat/dstat_mysql_io.py
/usr/share/dstat/dstat_mysql5_io.pyo
/usr/share/dstat/dstat_mysql_keys.py
/usr/share/dstat/dstat_mysql5_cmds.py
/usr/share/dstat/dstat_mysql5_cmds.pyo
/usr/share/dstat/dstat_mysql5_io.py
/usr/share/dstat/dstat_mysql_io.pyo
/usr/share/dstat/dstat_mysql_io.pyc
/usr/share/doc/mysql-libs-5.1.73
/usr/share/doc/mysql-libs-5.1.73/README.mysql-license
/usr/share/doc/rsyslog-5.8.10/ommysql.html
/usr/share/doc/rsyslog-5.8.10/rsyslog_mysql.html
/usr/share/selinux/targeted/mysql.pp.bz2
/usr/share/selinux/devel/include/services/mysql.if
/usr/share/man/man5/mysql_table.5.gz
/usr/share/augeas/lenses/dist/mysql.aug
/usr/share/eclipse/dropins/dtp-enablement/eclipse/plugins/org.eclipse.datatools.enablement.mysql_1.0.2.v200909251451.jar
/usr/share/eclipse/dropins/dtp-enablement/eclipse/plugins/org.eclipse.datatools.enablement.mysql.ui_1.0.0.v200909251451.jar
/usr/share/eclipse/dropins/dtp-enablement/eclipse/plugins/org.eclipse.datatools.enablement.mysql.dbdefinition_1.0.4.v200909251451.jar
/usr/share/eclipse/dropins/dtp-enablement/eclipse/features/org.eclipse.datatools.enablement.mysql.feature_1.8.1.v200909251451
/usr/share/vim/vim74/syntax/mysql.vim
/usr/share/mysql
/var/lib/yum/yumdb/m/60e29cb08e22e80c06f6101e6cf92d167d9a6f2a-mysql-libs-5.1.73-5.el6_6-x86_64
/var/lib/ambari-server/resources/upgrade/ddl/quartz.mysql.sql
/var/lib/ambari-server/resources/common-services/HIVE/0.12.0.2.0/etc/hive-schema-0.12.0.mysql.sql
/var/lib/ambari-server/resources/common-services/HIVE/0.12.0.2.0/package/etc/hive-schema-0.12.0.mysql.sql
/var/lib/ambari-server/resources/common-services/HIVE/0.12.0.2.0/package/scripts/mysql_users.py
/var/lib/ambari-server/resources/common-services/HIVE/0.12.0.2.0/package/scripts/mysql_utils.py
/var/lib/ambari-server/resources/common-services/HIVE/0.12.0.2.0/package/scripts/mysql_server.py
/var/lib/ambari-server/resources/common-services/HIVE/0.12.0.2.0/package/scripts/mysql_service.py
/var/lib/ambari-server/resources/stacks/HDP/2.1/services/HIVE/etc/hive-schema-0.13.0.mysql.sql
/var/lib/ambari-server/resources/stacks/HDP/2.0.6.GlusterFS/services/HIVE/etc/hive-schema-0.13.0.mysql.sql
/var/lib/ambari-server/resources/stacks/HDP/2.1.GlusterFS/services/HIVE/etc/hive-schema-0.13.0.mysql.sql
/var/www/html/HDP-UTILS-1.1.0.20/repos/centos6/mysql-connector-java
/var/www/html/HDP-UTILS-1.1.0.20/repos/centos6/mysql-connector-java/mysql-connector-java-5.1.29-1.noarch.rpm

[root@mgm yum.repos.d]# find / -name *mysql*.jar
/usr/share/eclipse/dropins/dtp-enablement/eclipse/plugins/org.eclipse.datatools.enablement.mysql_1.0.2.v200909251451.jar
/usr/share/eclipse/dropins/dtp-enablement/eclipse/plugins/org.eclipse.datatools.enablement.mysql.ui_1.0.0.v200909251451.jar
/usr/share/eclipse/dropins/dtp-enablement/eclipse/plugins/org.eclipse.datatools.enablement.mysql.dbdefinition_1.0.4.v200909251451.jar


[root@mgm yum.repos.d]# ambari-server setup
Using python  /usr/bin/python2.6
Setup ambari-server
Checking SELinux...
SELinux status is 'disabled'
Customize user account for ambari-server daemon [y/n] (n)? 
Adjusting ambari-server permissions and ownership...
Checking firewall status...
Checking JDK...
Do you want to change Oracle JDK [y/n] (n)? 
Completing setup...
Configuring database...
Enter advanced database configuration [y/n] (n)? 
Configuring database...
Default properties detected. Using built-in database.
Configuring ambari database...
Checking PostgreSQL...
Running initdb: This may take upto a minute.
Initializing database: [  OK  ]

About to start PostgreSQL
Configuring local database...
Connecting to local database...done.
Configuring PostgreSQL...
Restarting PostgreSQL
Extracting system views...
.....ambari-admin-2.1.0.1470.jar
.
Adjusting ambari-server permissions and ownership...
Ambari Server 'setup' completed successfully.
[root@mgm yum.repos.d]# 


Issue faced while ambari installation
----------------------------------------------------------

Yum install ambari-server
ambari-server setup with MySQL
Setup failed with MySQL JDBC driver not found

ambari-server setup with PostgressSQL
Setup successfully completed. 

Ambari-server start is failing with No MySQL JDBC Driver found

Yum remove Ambari-server
yum install ambari-server
ambari-setup with PostgressSQL

ambari-server start -  Success.

The stale information of MySQL was not flushed when ambari-setup with PostgressSQL done at step 4. 



[root@mgm yum.repos.d]# yum install ambari-server
Loaded plugins: fastestmirror, security
Setting up Install Process
Loading mirror speeds from cached hostfile
 * base: centos.excellmedia.net
 * extras: centos.excellmedia.net
 * updates: centos.excellmedia.net
Updates-ambari-2.1.0                                                                                                                  | 2.9 kB     00:00     
Updates-ambari-2.1.0/primary_db                                                                                                       | 5.7 kB     00:00     
Resolving Dependencies
--> Running transaction check
---> Package ambari-server.x86_64 0:2.1.0-1470 will be installed
--> Processing Dependency: postgresql-server >= 8.1 for package: ambari-server-2.1.0-1470.x86_64
--> Running transaction check
---> Package postgresql-server.x86_64 0:8.4.20-3.el6_6 will be installed
--> Processing Dependency: postgresql-libs(x86-64) = 8.4.20-3.el6_6 for package: postgresql-server-8.4.20-3.el6_6.x86_64
--> Processing Dependency: postgresql(x86-64) = 8.4.20-3.el6_6 for package: postgresql-server-8.4.20-3.el6_6.x86_64
--> Processing Dependency: libpq.so.5()(64bit) for package: postgresql-server-8.4.20-3.el6_6.x86_64
--> Running transaction check
---> Package postgresql.x86_64 0:8.4.20-3.el6_6 will be installed
---> Package postgresql-libs.x86_64 0:8.4.20-3.el6_6 will be installed
--> Finished Dependency Resolution

Dependencies Resolved

=============================================================================================================================================================
 Package                                 Arch                         Version                               Repository                                  Size
=============================================================================================================================================================
Installing:
 ambari-server                           x86_64                       2.1.0-1470                            Updates-ambari-2.1.0                       326 M
Installing for dependencies:
 postgresql                              x86_64                       8.4.20-3.el6_6                        updates                                    2.6 M
 postgresql-libs                         x86_64                       8.4.20-3.el6_6                        updates                                    202 k
 postgresql-server                       x86_64                       8.4.20-3.el6_6                        updates                                    3.4 M

Transaction Summary
=============================================================================================================================================================
Install       4 Package(s)

Total download size: 333 M
Installed size: 379 M
Is this ok [y/N]: y
Downloading Packages:
(1/4): ambari-server-2.1.0-1470.x86_64.rpm                                                                                            | 326 MB     00:10     
(2/4): postgresql-8.4.20-3.el6_6.x86_64.rpm                                                                                           | 2.6 MB     00:38     
(3/4): postgresql-libs-8.4.20-3.el6_6.x86_64.rpm                                                                                      | 202 kB     00:01     
(4/4): postgresql-server-8.4.20-3.el6_6.x86_64.rpm                                                                                    | 3.4 MB     00:40     
-------------------------------------------------------------------------------------------------------------------------------------------------------------
Total                                                                                                                        3.4 MB/s | 333 MB     01:37     
warning: rpmts_HdrFromFdno: Header V4 RSA/SHA1 Signature, key ID 07513cad: NOKEY
Retrieving key from http://192.168.56.102/ambari/centos6/RPM-GPG-KEY/RPM-GPG-KEY-Jenkins
Importing GPG key 0x07513CAD:
 Userid: "Jenkins (HDP Builds) <jenkin@hortonworks.com>"
 From  : http://192.168.56.102/ambari/centos6/RPM-GPG-KEY/RPM-GPG-KEY-Jenkins
Is this ok [y/N]: y
Running rpm_check_debug
Running Transaction Test
Transaction Test Succeeded
Running Transaction
  Installing : postgresql-libs-8.4.20-3.el6_6.x86_64                                                                                                     1/4 
  Installing : postgresql-8.4.20-3.el6_6.x86_64                                                                                                          2/4 
  Installing : postgresql-server-8.4.20-3.el6_6.x86_64                                                                                                   3/4 
  Installing : ambari-server-2.1.0-1470.x86_64                                                                                                           4/4 
  Verifying  : ambari-server-2.1.0-1470.x86_64                                                                                                           1/4 
  Verifying  : postgresql-8.4.20-3.el6_6.x86_64                                                                                                          2/4 
  Verifying  : postgresql-server-8.4.20-3.el6_6.x86_64                                                                                                   3/4 
  Verifying  : postgresql-libs-8.4.20-3.el6_6.x86_64                                                                                                     4/4 

Installed:
  ambari-server.x86_64 0:2.1.0-1470                                                                                                                          

Dependency Installed:
  postgresql.x86_64 0:8.4.20-3.el6_6              postgresql-libs.x86_64 0:8.4.20-3.el6_6              postgresql-server.x86_64 0:8.4.20-3.el6_6             

Complete!
[root@mgm yum.repos.d]# ambari-server setup
Using python  /usr/bin/python2.6
Setup ambari-server
Checking SELinux...
SELinux status is 'disabled'
Customize user account for ambari-server daemon [y/n] (n)?  
Adjusting ambari-server permissions and ownership...
Checking firewall status...
Checking JDK...
[1] Oracle JDK 1.8 + Java Cryptography Extension (JCE) Policy Files 8
[2] Oracle JDK 1.7 + Java Cryptography Extension (JCE) Policy Files 7
[3] Custom JDK
==============================================================================
Enter choice (1): 1
To download the Oracle JDK and the Java Cryptography Extension (JCE) Policy Files you must accept the license terms found at http://www.oracle.com/technetwork/java/javase/terms/license/index.html and not accepting will cancel the Ambari Server setup and you must install the JDK and JCE files manually.
Do you accept the Oracle Binary Code License Agreement [y/n] (y)? y
Downloading JDK from http://public-repo-1.hortonworks.com/ARTIFACTS/jdk-8u40-linux-x64.tar.gz to /var/lib/ambari-server/resources/jdk-8u40-linux-x64.tar.gz
jdk-8u40-linux-x64.tar.gz... 100% (165.2 MB of 165.2 MB)
Successfully downloaded JDK distribution to /var/lib/ambari-server/resources/jdk-8u40-linux-x64.tar.gz
Installing JDK to /usr/jdk64/
Successfully installed JDK to /usr/jdk64/
Downloading JCE Policy archive from http://public-repo-1.hortonworks.com/ARTIFACTS/jce_policy-8.zip to /var/lib/ambari-server/resources/jce_policy-8.zip

Successfully downloaded JCE Policy archive to /var/lib/ambari-server/resources/jce_policy-8.zip
Installing JCE policy...
Completing setup...
Configuring database...
Enter advanced database configuration [y/n] (n)? y
Configuring database...
==============================================================================
Choose one of the following options:
[1] - PostgreSQL (Embedded)
[2] - Oracle
[3] - MySQL
[4] - PostgreSQL
[5] - Microsoft SQL Server (Tech Preview)
==============================================================================
Enter choice (1): 3
Hostname (localhost): mgm
Port (3306): 
Database name (ambari): 
Username (ambari): 
Enter Database Password (bigdata): 
Configuring ambari database...
WARNING: Before starting Ambari Server, you must copy the MySQL JDBC driver JAR file to /usr/share/java.
Press <enter> to continue.
ERROR: Before starting Ambari Server, you must copy the MySQL JDBC driver JAR file to /usr/share/java.
ERROR: Exiting with exit code -1. 
REASON: Before starting Ambari Server, you must copy the MySQL JDBC driver JAR file to /usr/share/java.
[root@mgm yum.repos.d]# ls -l



[root@mgm yum.repos.d]# ambari-server setup
Using python  /usr/bin/python2.6
Setup ambari-server
Checking SELinux...
SELinux status is 'disabled'
Customize user account for ambari-server daemon [y/n] (n)? 
Adjusting ambari-server permissions and ownership...
Checking firewall status...
Checking JDK...
Do you want to change Oracle JDK [y/n] (n)? 
Completing setup...
Configuring database...
Enter advanced database configuration [y/n] (n)? 
Configuring database...
Default properties detected. Using built-in database.
Configuring ambari database...
Checking PostgreSQL...
Running initdb: This may take upto a minute.
Initializing database: [  OK  ]

About to start PostgreSQL
Configuring local database...
Connecting to local database...done.
Configuring PostgreSQL...
Restarting PostgreSQL
Extracting system views...
.....ambari-admin-2.1.0.1470.jar
.
Adjusting ambari-server permissions and ownership...
Ambari Server 'setup' completed successfully.
[root@mgm yum.repos.d]# ambari-server status
Using python  /usr/bin/python2.6
Ambari-server status
Ambari Server not running. Stale PID File at: /var/run/ambari-server/ambari-server.pid
[root@mgm yum.repos.d]# ambari-server start
Using python  /usr/bin/python2.6
Starting ambari-server
Ambari Server running with administrator privileges.
Organizing resource files at /var/lib/ambari-server/resources...
Server PID at: /var/run/ambari-server/ambari-server.pid
Server out at: /var/log/ambari-server/ambari-server.out
Server log at: /var/log/ambari-server/ambari-server.log
Waiting for server start....................
ERROR: Exiting with exit code -1. 
REASON: Ambari Server java process died with exitcode 1. Check /var/log/ambari-server/ambari-server.out for more information.
[root@mgm yum.repos.d]# vi /var/log/ambari-server/ambari-server.log 
[root@mgm yum.repos.d]# ambari-server setup
Using python  /usr/bin/python2.6
Setup ambari-server
Checking SELinux...
SELinux status is 'disabled'
Customize user account for ambari-server daemon [y/n] (n)? 
Adjusting ambari-server permissions and ownership...
Checking firewall status...
Checking JDK...
Do you want to change Oracle JDK [y/n] (n)? 
Completing setup...
Configuring database...
Enter advanced database configuration [y/n] (n)? y
Configuring database...
==============================================================================
Choose one of the following options:
[1] - PostgreSQL (Embedded)
[2] - Oracle
[3] - MySQL
[4] - PostgreSQL
[5] - Microsoft SQL Server (Tech Preview)
==============================================================================
Enter choice (1): 1
Database name (ambari): 
Postgres schema (ambari): 
Username (ambari): 
Enter Database Password (bigdata): 
Default properties detected. Using built-in database.
Configuring ambari database...
Checking PostgreSQL...
Configuring local database...
Connecting to local database...done.
Configuring PostgreSQL...
Backup for pg_hba found, reconfiguration not required
Extracting system views...
.......
Adjusting ambari-server permissions and ownership...
Ambari Server 'setup' completed successfully.
[root@mgm yum.repos.d]# ambari-server stop
Using python  /usr/bin/python2.6
Stopping ambari-server
Ambari Server is not running
[root@mgm yum.repos.d]# ambari-server start
Using python  /usr/bin/python2.6
Starting ambari-server
Ambari Server running with administrator privileges.
Organizing resource files at /var/lib/ambari-server/resources...
Server PID at: /var/run/ambari-server/ambari-server.pid
Server out at: /var/log/ambari-server/ambari-server.out
Server log at: /var/log/ambari-server/ambari-server.log
Waiting for server start....................
ERROR: Exiting with exit code -1. 
REASON: Ambari Server java process died with exitcode 1. Check /var/log/ambari-server/ambari-server.out for more information.



[root@mgm yum.repos.d]# yum remove ambari-server
Loaded plugins: fastestmirror, security
Setting up Remove Process
Resolving Dependencies
--> Running transaction check
---> Package ambari-server.x86_64 0:2.1.0-1470 will be erased
--> Finished Dependency Resolution

Dependencies Resolved

=============================================================================================================================================================
 Package                               Arch                           Version                            Repository                                     Size
=============================================================================================================================================================
Removing:
 ambari-server                         x86_64                         2.1.0-1470                         @Updates-ambari-2.1.0                         350 M

Transaction Summary
=============================================================================================================================================================
Remove        1 Package(s)

Installed size: 350 M
Is this ok [y/N]: y
Downloading Packages:
Running rpm_check_debug
Running Transaction Test
Transaction Test Succeeded
Running Transaction
  Erasing    : ambari-server-2.1.0-1470.x86_64                                                                                                           1/1 
  Verifying  : ambari-server-2.1.0-1470.x86_64                                                                                                           1/1 

Removed:
  ambari-server.x86_64 0:2.1.0-1470                                                                                                                          

Complete!
[root@mgm yum.repos.d]# yum install ambari-server
Loaded plugins: fastestmirror, security
Setting up Install Process
Loading mirror speeds from cached hostfile
 * base: centos.excellmedia.net
 * extras: centos.excellmedia.net
 * updates: centos.excellmedia.net
HDP-2.3.0.0                                                                                                                           | 2.9 kB     00:00     
HDP-UTILS-1.1.0.20                                                                                                                    | 2.9 kB     00:00     
Updates-ambari-2.1.0                                                                                                                  | 2.9 kB     00:00     
base                                                                                                                                  | 3.7 kB     00:00     
extras                                                                                                                                | 3.4 kB     00:00     
extras/primary_db                                                                                                                     |  27 kB     00:00     
updates                                                                                                                               | 3.4 kB     00:00     
updates/primary_db                                                                                                                    | 1.3 MB     00:01     
Resolving Dependencies
--> Running transaction check
---> Package ambari-server.x86_64 0:2.1.0-1470 will be installed
--> Finished Dependency Resolution

Dependencies Resolved

=============================================================================================================================================================
 Package                               Arch                           Version                             Repository                                    Size
=============================================================================================================================================================
Installing:
 ambari-server                         x86_64                         2.1.0-1470                          Updates-ambari-2.1.0                         326 M

Transaction Summary
=============================================================================================================================================================
Install       1 Package(s)

Total download size: 326 M
Installed size: 350 M
Is this ok [y/N]: Y
Downloading Packages:
ambari-server-2.1.0-1470.x86_64.rpm                                                                                                   | 326 MB     00:09     
Running rpm_check_debug
Running Transaction Test
Transaction Test Succeeded
Running Transaction
cp: cannot stat `/var/lib/ambari-server/resources/views/*.jar': No such file or directory
  Installing : ambari-server-2.1.0-1470.x86_64                                                                                                           1/1 
  Verifying  : ambari-server-2.1.0-1470.x86_64                                                                                                           1/1 

Installed:
  ambari-server.x86_64 0:2.1.0-1470                                                                                                                          

Complete!
[root@mgm yum.repos.d]# ambari-server setup
Using python  /usr/bin/python2.6
Setup ambari-server
Checking SELinux...
SELinux status is 'disabled'
Customize user account for ambari-server daemon [y/n] (n)? 
Adjusting ambari-server permissions and ownership...
Checking firewall status...
Checking JDK...
[1] Oracle JDK 1.8 + Java Cryptography Extension (JCE) Policy Files 8
[2] Oracle JDK 1.7 + Java Cryptography Extension (JCE) Policy Files 7
[3] Custom JDK
==============================================================================
Enter choice (1): 1
JDK already exists, using /var/lib/ambari-server/resources/jdk-8u40-linux-x64.tar.gz
Installing JDK to /usr/jdk64/
Successfully installed JDK to /usr/jdk64/
JCE Policy archive already exists, using /var/lib/ambari-server/resources/jce_policy-8.zip
Installing JCE policy...
Completing setup...
Configuring database...
Enter advanced database configuration [y/n] (n)? 
Configuring database...
Default properties detected. Using built-in database.
Configuring ambari database...
Checking PostgreSQL...
Configuring local database...
Connecting to local database...done.
Configuring PostgreSQL...
Backup for pg_hba found, reconfiguration not required
Extracting system views...
.......
Adjusting ambari-server permissions and ownership...
Ambari Server 'setup' completed successfully.
[root@mgm yum.repos.d]# ambari-server setup
Using python  /usr/bin/python2.6
Setup ambari-server
Checking SELinux...
SELinux status is 'disabled'
Customize user account for ambari-server daemon [y/n] (n)? ^C
Aborting ... Keyboard Interrupt.
[root@mgm yum.repos.d]# ambari-server start
Using python  /usr/bin/python2.6
Starting ambari-server
Ambari Server running with administrator privileges.
Organizing resource files at /var/lib/ambari-server/resources...
Server PID at: /var/run/ambari-server/ambari-server.pid
Server out at: /var/log/ambari-server/ambari-server.out
Server log at: /var/log/ambari-server/ambari-server.log
Waiting for server start....................
Ambari Server 'start' completed successfully.
[root@mgm yum.repos.d]# ambari-server status
Using python  /usr/bin/python2.6
Ambari-server status
Ambari Server running
Found Ambari Server PID: 7100 at: /var/run/ambari-server/ambari-server.pid
